c:\users\2409406\desktop\github_desktop\2026\team_project_1\project\2026_team_project_1\2026_tea.3fbd4e00\x64\debug\vc143.pdb
c:\users\2409406\desktop\github_desktop\2026\team_project_1\project\2026_team_project_1\2026_tea.3fbd4e00\x64\debug\vc143.idb
c:\users\2409406\desktop\github_desktop\2026\team_project_1\project\2026_team_project_1\2026_tea.3fbd4e00\x64\debug\collision.obj
c:\users\2409406\desktop\github_desktop\2026\team_project_1\project\2026_team_project_1\2026_tea.3fbd4e00\x64\debug\bgm_manager.obj
c:\users\2409406\desktop\github_desktop\2026\team_project_1\project\2026_team_project_1\2026_tea.3fbd4e00\x64\debug\3dhndlmanager.obj
c:\users\2409406\desktop\github_desktop\2026\team_project_1\project\2026_team_project_1\2026_tea.3fbd4e00\x64\debug\2dhndlmanager.obj
c:\users\2409406\desktop\github_desktop\2026\team_project_1\project\2026_team_project_1\2026_tea.3fbd4e00\x64\debug\easing.obj
c:\users\2409406\desktop\github_desktop\2026\team_project_1\project\2026_team_project_1\2026_tea.3fbd4e00\x64\debug\2dcollision.obj
c:\users\2409406\desktop\github_desktop\2026\team_project_1\project\2026_team_project_1\2026_tea.3fbd4e00\x64\debug\field.obj
c:\users\2409406\desktop\github_desktop\2026\team_project_1\project\2026_team_project_1\2026_tea.3fbd4e00\x64\debug\camera.obj
c:\users\2409406\desktop\github_desktop\2026\team_project_1\project\2026_team_project_1\2026_tea.3fbd4e00\x64\debug\effekseer.obj
c:\users\2409406\desktop\github_desktop\2026\team_project_1\project\2026_team_project_1\2026_tea.3fbd4e00\x64\debug\imgui_widgets.obj
c:\users\2409406\desktop\github_desktop\2026\team_project_1\project\2026_team_project_1\2026_tea.3fbd4e00\x64\debug\imgui_tables.obj
c:\users\2409406\desktop\github_desktop\2026\team_project_1\project\2026_team_project_1\2026_tea.3fbd4e00\x64\debug\imgui_impl_win32.obj
c:\users\2409406\desktop\github_desktop\2026\team_project_1\project\2026_team_project_1\2026_tea.3fbd4e00\x64\debug\imgui_impl_dx11.obj
c:\users\2409406\desktop\github_desktop\2026\team_project_1\project\2026_team_project_1\2026_tea.3fbd4e00\x64\debug\imgui_draw.obj
c:\users\2409406\desktop\github_desktop\2026\team_project_1\project\2026_team_project_1\2026_tea.3fbd4e00\x64\debug\imgui.obj
c:\users\2409406\desktop\github_desktop\2026\team_project_1\project\2026_team_project_1\2026_tea.3fbd4e00\x64\debug\xinput.obj
c:\users\2409406\desktop\github_desktop\2026\team_project_1\project\2026_team_project_1\2026_tea.3fbd4e00\x64\debug\se_manager .obj
c:\users\2409406\desktop\github_desktop\2026\team_project_1\project\2026_team_project_1\2026_tea.3fbd4e00\x64\debug\score.obj
c:\users\2409406\desktop\github_desktop\2026\team_project_1\project\2026_team_project_1\2026_tea.3fbd4e00\x64\debug\rand.obj
c:\users\2409406\desktop\github_desktop\2026\team_project_1\project\2026_team_project_1\2026_tea.3fbd4e00\x64\debug\mymath.obj
c:\users\2409406\desktop\github_desktop\2026\team_project_1\project\2026_team_project_1\2026_tea.3fbd4e00\x64\debug\mouseinput.obj
c:\users\2409406\desktop\github_desktop\2026\team_project_1\project\2026_team_project_1\2026_tea.3fbd4e00\x64\debug\math2d.obj
c:\users\2409406\desktop\github_desktop\2026\team_project_1\project\2026_team_project_1\2026_tea.3fbd4e00\x64\debug\input_config.obj
c:\users\2409406\desktop\github_desktop\2026\team_project_1\project\2026_team_project_1\2026_tea.3fbd4e00\x64\debug\input.obj
c:\users\2409406\desktop\github_desktop\2026\team_project_1\project\2026_team_project_1\2026_tea.3fbd4e00\x64\debug\fps.obj
c:\users\2409406\desktop\github_desktop\2026\team_project_1\project\2026_team_project_1\2026_tea.3fbd4e00\x64\debug\fade.obj
c:\users\2409406\desktop\github_desktop\2026\team_project_1\project\2026_team_project_1\2026_tea.3fbd4e00\x64\debug\effect.obj
c:\users\2409406\desktop\github_desktop\2026\team_project_1\project\2026_team_project_1\2026_tea.3fbd4e00\x64\debug\drawgrap2d.obj
c:\users\2409406\desktop\github_desktop\2026\team_project_1\project\2026_team_project_1\2026_tea.3fbd4e00\x64\debug\drawgrap.obj
c:\users\2409406\desktop\github_desktop\2026\team_project_1\project\2026_team_project_1\2026_tea.3fbd4e00\x64\debug\scene_data.obj
c:\users\2409406\desktop\github_desktop\2026\team_project_1\project\2026_team_project_1\2026_tea.3fbd4e00\x64\debug\player_manager.obj
c:\users\2409406\desktop\github_desktop\2026\team_project_1\project\2026_team_project_1\2026_tea.3fbd4e00\x64\debug\map_manager.obj
c:\users\2409406\desktop\github_desktop\2026\team_project_1\project\2026_team_project_1\2026_tea.3fbd4e00\x64\debug\camera_manager.obj
c:\users\2409406\desktop\github_desktop\2026\team_project_1\project\2026_team_project_1\2026_tea.3fbd4e00\x64\debug\collision_manager.obj
c:\users\2409406\desktop\github_desktop\2026\team_project_1\project\2026_team_project_1\2026_tea.3fbd4e00\x64\debug\player_camera.obj
c:\users\2409406\desktop\github_desktop\2026\team_project_1\project\2026_team_project_1\2026_tea.3fbd4e00\x64\debug\object.obj
c:\users\2409406\desktop\github_desktop\2026\team_project_1\project\2026_team_project_1\2026_tea.3fbd4e00\x64\debug\actor.obj
c:\users\2409406\desktop\github_desktop\2026\team_project_1\project\2026_team_project_1\2026_tea.3fbd4e00\x64\debug\player.obj
c:\users\2409406\desktop\github_desktop\2026\team_project_1\project\2026_team_project_1\2026_tea.3fbd4e00\x64\debug\enemy_manager.obj
c:\users\2409406\desktop\github_desktop\2026\team_project_1\project\2026_team_project_1\2026_tea.3fbd4e00\x64\debug\scene_title.obj
c:\users\2409406\desktop\github_desktop\2026\team_project_1\project\2026_team_project_1\2026_tea.3fbd4e00\x64\debug\scene_select.obj
c:\users\2409406\desktop\github_desktop\2026\team_project_1\project\2026_team_project_1\2026_tea.3fbd4e00\x64\debug\scene_play.obj
c:\users\2409406\desktop\github_desktop\2026\team_project_1\project\2026_team_project_1\2026_tea.3fbd4e00\x64\debug\scene_factory.obj
c:\users\2409406\desktop\github_desktop\2026\team_project_1\project\2026_team_project_1\2026_tea.3fbd4e00\x64\debug\scene_editer.obj
c:\users\2409406\desktop\github_desktop\2026\team_project_1\project\2026_team_project_1\2026_tea.3fbd4e00\x64\debug\scene.obj
c:\users\2409406\desktop\github_desktop\2026\team_project_1\project\2026_team_project_1\2026_tea.3fbd4e00\x64\debug\enemy.obj
c:\users\2409406\desktop\github_desktop\2026\team_project_1\project\2026_team_project_1\2026_tea.3fbd4e00\x64\debug\ui_manager.obj
c:\users\2409406\desktop\github_desktop\2026\team_project_1\project\2026_team_project_1\2026_tea.3fbd4e00\x64\debug\scene_result.obj
c:\users\2409406\desktop\github_desktop\2026\team_project_1\project\2026_team_project_1\2026_tea.3fbd4e00\x64\debug\scene_manager.obj
c:\users\2409406\desktop\github_desktop\2026\team_project_1\project\2026_team_project_1\2026_tea.3fbd4e00\x64\debug\main.obj
c:\users\2409406\desktop\github_desktop\2026\team_project_1\project\2026_team_project_1\2026_tea.3fbd4e00\x64\debug\title_back.obj
c:\users\2409406\desktop\github_desktop\2026\team_project_1\project\2026_team_project_1\2026_tea.3fbd4e00\x64\debug\load_anim.obj
c:\users\2409406\desktop\github_desktop\2026\team_project_1\project\2026_team_project_1\2026_tea.3fbd4e00\x64\debug\back_ground.obj
c:\users\2409406\desktop\github_desktop\2026\team_project_1\project\2026_team_project_1\x64\debug\2026_team_project_1.exe
c:\users\2409406\desktop\github_desktop\2026\team_project_1\project\2026_team_project_1\x64\debug\2026_team_project_1.pdb
c:\users\2409406\desktop\github_desktop\2026\team_project_1\project\2026_team_project_1\2026_tea.3fbd4e00\x64\debug\2026_team_project_1.ilk
c:\users\2409406\desktop\github_desktop\2026\team_project_1\project\2026_team_project_1\2026_tea.3fbd4e00\x64\debug\2026_tea.3fbd4e00.tlog\cl.command.1.tlog
c:\users\2409406\desktop\github_desktop\2026\team_project_1\project\2026_team_project_1\2026_tea.3fbd4e00\x64\debug\2026_tea.3fbd4e00.tlog\cl.items.tlog
c:\users\2409406\desktop\github_desktop\2026\team_project_1\project\2026_team_project_1\2026_tea.3fbd4e00\x64\debug\2026_tea.3fbd4e00.tlog\cl.read.1.tlog
c:\users\2409406\desktop\github_desktop\2026\team_project_1\project\2026_team_project_1\2026_tea.3fbd4e00\x64\debug\2026_tea.3fbd4e00.tlog\cl.write.1.tlog
c:\users\2409406\desktop\github_desktop\2026\team_project_1\project\2026_team_project_1\2026_tea.3fbd4e00\x64\debug\2026_tea.3fbd4e00.tlog\link.command.1.tlog
c:\users\2409406\desktop\github_desktop\2026\team_project_1\project\2026_team_project_1\2026_tea.3fbd4e00\x64\debug\2026_tea.3fbd4e00.tlog\link.read.1.tlog
c:\users\2409406\desktop\github_desktop\2026\team_project_1\project\2026_team_project_1\2026_tea.3fbd4e00\x64\debug\2026_tea.3fbd4e00.tlog\link.secondary.1.tlog
c:\users\2409406\desktop\github_desktop\2026\team_project_1\project\2026_team_project_1\2026_tea.3fbd4e00\x64\debug\2026_tea.3fbd4e00.tlog\link.write.1.tlog
